
> backend@1.0.0 test
> npx jest --passWithNoTests

node.exe : FAIL tests/contro
llers/recipeController.test.
js (7.549 s)
At C:\Program 
Files\nodejs\npm.ps1:29 
char:3
+   & $NODE_EXE $NPM_CLI_JS 
$args
+   ~~~~~~~~~~~~~~~~~~~~~~~~
~~~~~
    + CategoryInfo          
    : NotSpecified: (FAIL   
  tests/cont...st.js (7.5   
 49 s):String) [], Remot    
eException
    + FullyQualifiedErrorId 
    : NativeCommandError
 
  Recipe Controller
    GET /api/recipes
      ├ù should return 
empty list when no recipes 
exist (3 ms)
      ├ù should return 
recipes when they exist
      ├ù should support 
search functionality
    POST /api/recipes
      ├ù should create a 
new recipe
      ├ù should validate 
required fields
    GET /api/recipes/:id
      ├ù should return 404 
for non-existent recipe

  ΓùÅ Recipe Controller ΓÇ║ 
GET /api/recipes ΓÇ║ should 
return empty list when no 
recipes exist

    thrown: "Exceeded 
timeout of 5000 ms for a 
hook.
    Add a timeout value to 
this test to increase the 
timeout, if this is a 
long-running test. See https
://jestjs.io/docs/api#testna
me-fn-timeout."

    [0m [90m 11 |[39m
     [90m 12 |[39m 
describe([32m'Recipe 
Controller'[39m[33m,[39m 
() [33m=>[39m {
    
[31m[1m>[22m[39m[90m 
13 |[39m     
beforeAll([36masync[39m 
() [33m=>[39m {
     [90m    |[39m     
[31m[1m^[22m[39m
     [90m 14 |[39m        
 [90m// Ensure we're in 
test mode[39m
     [90m 15 |[39m        
 process[33m.[39menv[33m.
[39m[33mNODE_ENV[39m 
[33m=[39m 
[32m'test'[39m[33m;[39m
     [90m 16 |[39m        
 [90m// Sync database 
before tests[39m[0m

      at beforeAll (tests/co
ntrollers/recipeController.t
est.js:13:5)
      at Object.describe (te
sts/controllers/recipeContro
ller.test.js:12:1)

  ΓùÅ Recipe Controller ΓÇ║ 
GET /api/recipes ΓÇ║ should 
return recipes when they 
exist

    thrown: "Exceeded 
timeout of 5000 ms for a 
hook.
    Add a timeout value to 
this test to increase the 
timeout, if this is a 
long-running test. See https
://jestjs.io/docs/api#testna
me-fn-timeout."

    [0m [90m 11 |[39m
     [90m 12 |[39m 
describe([32m'Recipe 
Controller'[39m[33m,[39m 
() [33m=>[39m {
    
[31m[1m>[22m[39m[90m 
13 |[39m     
beforeAll([36masync[39m 
() [33m=>[39m {
     [90m    |[39m     
[31m[1m^[22m[39m
     [90m 14 |[39m        
 [90m// Ensure we're in 
test mode[39m
     [90m 15 |[39m        
 process[33m.[39menv[33m.
[39m[33mNODE_ENV[39m 
[33m=[39m 
[32m'test'[39m[33m;[39m
     [90m 16 |[39m        
 [90m// Sync database 
before tests[39m[0m

      at beforeAll (tests/co
ntrollers/recipeController.t
est.js:13:5)
      at Object.describe (te
sts/controllers/recipeContro
ller.test.js:12:1)

  ΓùÅ Recipe Controller ΓÇ║ 
GET /api/recipes ΓÇ║ should 
support search functionality

    thrown: "Exceeded 
timeout of 5000 ms for a 
hook.
    Add a timeout value to 
this test to increase the 
timeout, if this is a 
long-running test. See https
://jestjs.io/docs/api#testna
me-fn-timeout."

    [0m [90m 11 |[39m
     [90m 12 |[39m 
describe([32m'Recipe 
Controller'[39m[33m,[39m 
() [33m=>[39m {
    
[31m[1m>[22m[39m[90m 
13 |[39m     
beforeAll([36masync[39m 
() [33m=>[39m {
     [90m    |[39m     
[31m[1m^[22m[39m
     [90m 14 |[39m        
 [90m// Ensure we're in 
test mode[39m
     [90m 15 |[39m        
 process[33m.[39menv[33m.
[39m[33mNODE_ENV[39m 
[33m=[39m 
[32m'test'[39m[33m;[39m
     [90m 16 |[39m        
 [90m// Sync database 
before tests[39m[0m

      at beforeAll (tests/co
ntrollers/recipeController.t
est.js:13:5)
      at Object.describe (te
sts/controllers/recipeContro
ller.test.js:12:1)

  ΓùÅ Recipe Controller ΓÇ║ 
POST /api/recipes ΓÇ║ 
should create a new recipe

    thrown: "Exceeded 
timeout of 5000 ms for a 
hook.
    Add a timeout value to 
this test to increase the 
timeout, if this is a 
long-running test. See https
://jestjs.io/docs/api#testna
me-fn-timeout."

    [0m [90m 11 |[39m
     [90m 12 |[39m 
describe([32m'Recipe 
Controller'[39m[33m,[39m 
() [33m=>[39m {
    
[31m[1m>[22m[39m[90m 
13 |[39m     
beforeAll([36masync[39m 
() [33m=>[39m {
     [90m    |[39m     
[31m[1m^[22m[39m
     [90m 14 |[39m        
 [90m// Ensure we're in 
test mode[39m
     [90m 15 |[39m        
 process[33m.[39menv[33m.
[39m[33mNODE_ENV[39m 
[33m=[39m 
[32m'test'[39m[33m;[39m
     [90m 16 |[39m        
 [90m// Sync database 
before tests[39m[0m

      at beforeAll (tests/co
ntrollers/recipeController.t
est.js:13:5)
      at Object.describe (te
sts/controllers/recipeContro
ller.test.js:12:1)

  ΓùÅ Recipe Controller ΓÇ║ 
POST /api/recipes ΓÇ║ 
should validate required 
fields

    thrown: "Exceeded 
timeout of 5000 ms for a 
hook.
    Add a timeout value to 
this test to increase the 
timeout, if this is a 
long-running test. See https
://jestjs.io/docs/api#testna
me-fn-timeout."

    [0m [90m 11 |[39m
     [90m 12 |[39m 
describe([32m'Recipe 
Controller'[39m[33m,[39m 
() [33m=>[39m {
    
[31m[1m>[22m[39m[90m 
13 |[39m     
beforeAll([36masync[39m 
() [33m=>[39m {
     [90m    |[39m     
[31m[1m^[22m[39m
     [90m 14 |[39m        
 [90m// Ensure we're in 
test mode[39m
     [90m 15 |[39m        
 process[33m.[39menv[33m.
[39m[33mNODE_ENV[39m 
[33m=[39m 
[32m'test'[39m[33m;[39m
     [90m 16 |[39m        
 [90m// Sync database 
before tests[39m[0m

      at beforeAll (tests/co
ntrollers/recipeController.t
est.js:13:5)
      at Object.describe (te
sts/controllers/recipeContro
ller.test.js:12:1)

  ΓùÅ Recipe Controller ΓÇ║ 
GET /api/recipes/:id ΓÇ║ 
should return 404 for 
non-existent recipe

    thrown: "Exceeded 
timeout of 5000 ms for a 
hook.
    Add a timeout value to 
this test to increase the 
timeout, if this is a 
long-running test. See https
://jestjs.io/docs/api#testna
me-fn-timeout."

    [0m [90m 11 |[39m
     [90m 12 |[39m 
describe([32m'Recipe 
Controller'[39m[33m,[39m 
() [33m=>[39m {
    
[31m[1m>[22m[39m[90m 
13 |[39m     
beforeAll([36masync[39m 
() [33m=>[39m {
     [90m    |[39m     
[31m[1m^[22m[39m
     [90m 14 |[39m        
 [90m// Ensure we're in 
test mode[39m
     [90m 15 |[39m        
 process[33m.[39menv[33m.
[39m[33mNODE_ENV[39m 
[33m=[39m 
[32m'test'[39m[33m;[39m
     [90m 16 |[39m        
 [90m// Sync database 
before tests[39m[0m

      at beforeAll (tests/co
ntrollers/recipeController.t
est.js:13:5)
      at Object.describe (te
sts/controllers/recipeContro
ller.test.js:12:1)

Test Suites: 1 failed, 1 
total
Tests:       6 failed, 6 
total
Snapshots:   0 total
Time:        7.637 s, 
estimated 8 s
Ran all test suites.
